{
    "sarscov2 - fasta - stub": {
        "content": [
            {
                "0": [
                    [
                        {
                            "id": "MT192765.1",
                            "single_end": false
                        },
                        [
                            "MT192765.1.kmaindex.comp.b:md5,d41d8cd98f00b204e9800998ecf8427e",
                            "MT192765.1.kmaindex.length.b:md5,d41d8cd98f00b204e9800998ecf8427e",
                            "MT192765.1.kmaindex.name:md5,d41d8cd98f00b204e9800998ecf8427e",
                            "MT192765.1.kmaindex.seq.b:md5,d41d8cd98f00b204e9800998ecf8427e"
                        ]
                    ]
                ],
                "1": [
                    "versions.yml:md5,ba9763933bdc811b1e19e466cceae9c8"
                ],
                "db": [
                    [
                        {
                            "id": "MT192765.1",
                            "single_end": false
                        },
                        [
                            "MT192765.1.kmaindex.comp.b:md5,d41d8cd98f00b204e9800998ecf8427e",
                            "MT192765.1.kmaindex.length.b:md5,d41d8cd98f00b204e9800998ecf8427e",
                            "MT192765.1.kmaindex.name:md5,d41d8cd98f00b204e9800998ecf8427e",
                            "MT192765.1.kmaindex.seq.b:md5,d41d8cd98f00b204e9800998ecf8427e"
                        ]
                    ]
                ],
                "versions": [
                    "versions.yml:md5,ba9763933bdc811b1e19e466cceae9c8"
                ]
            }
        ],
        "meta": {
            "nf-test": "0.9.2",
            "nextflow": "24.10.3"
        },
        "timestamp": "2024-12-18T12:34:46.423814273"
    },
    "sarscov2 - fasta": {
        "content": [
            {
                "0": [
                    [
                        {
                            "id": "MT192765.1",
                            "single_end": false
                        },
                        [
                            "MT192765.1.kmaindex.comp.b:md5,2d4075cee26606cfb9b3624f8d7fe260",
                            "MT192765.1.kmaindex.length.b:md5,aaded6f5e19db3f3292e7ff9cd0157ec",
                            "MT192765.1.kmaindex.name:md5,e98cac0e614ac65bb458f77245af7d32",
                            "MT192765.1.kmaindex.seq.b:md5,48647a9697263fe218ddc728c2d01641"
                        ]
                    ]
                ],
                "1": [
                    "versions.yml:md5,ba9763933bdc811b1e19e466cceae9c8"
                ],
                "db": [
                    [
                        {
                            "id": "MT192765.1",
                            "single_end": false
                        },
                        [
                            "MT192765.1.kmaindex.comp.b:md5,2d4075cee26606cfb9b3624f8d7fe260",
                            "MT192765.1.kmaindex.length.b:md5,aaded6f5e19db3f3292e7ff9cd0157ec",
                            "MT192765.1.kmaindex.name:md5,e98cac0e614ac65bb458f77245af7d32",
                            "MT192765.1.kmaindex.seq.b:md5,48647a9697263fe218ddc728c2d01641"
                        ]
                    ]
                ],
                "versions": [
                    "versions.yml:md5,ba9763933bdc811b1e19e466cceae9c8"
                ]
            }
        ],
        "meta": {
            "nf-test": "0.9.2",
            "nextflow": "24.10.3"
        },
        "timestamp": "2024-12-18T12:34:41.112864267"
    }
}