{
    "sarscov2 - fasta - stub": {
        "content": [
            {
                "0": [
                    [
                        {
                            "id": "nfcore_testsample",
                            "single_end": false
                        },
                        "nfcore_testsample.MT192765.1.res:md5,d41d8cd98f00b204e9800998ecf8427e"
                    ]
                ],
                "1": [
                    [
                        {
                            "id": "nfcore_testsample",
                            "single_end": false
                        },
                        "nfcore_testsample.MT192765.1.fsa:md5,d41d8cd98f00b204e9800998ecf8427e"
                    ]
                ],
                "2": [
                    [
                        {
                            "id": "nfcore_testsample",
                            "single_end": false
                        },
                        "nfcore_testsample.MT192765.1.aln:md5,d41d8cd98f00b204e9800998ecf8427e"
                    ]
                ],
                "3": [
                    [
                        {
                            "id": "nfcore_testsample",
                            "single_end": false
                        },
                        "nfcore_testsample.MT192765.1.frag.gz:md5,68b329da9893e34099c7d8ad5cb9c940"
                    ]
                ],
                "4": [
                    
                ],
                "5": [
                    
                ],
                "6": [
                    "versions.yml:md5,34dfbb526ffb5af00ea74f1a1d4ed24a"
                ],
                "aln": [
                    [
                        {
                            "id": "nfcore_testsample",
                            "single_end": false
                        },
                        "nfcore_testsample.MT192765.1.aln:md5,d41d8cd98f00b204e9800998ecf8427e"
                    ]
                ],
                "frag": [
                    [
                        {
                            "id": "nfcore_testsample",
                            "single_end": false
                        },
                        "nfcore_testsample.MT192765.1.frag.gz:md5,68b329da9893e34099c7d8ad5cb9c940"
                    ]
                ],
                "fsa": [
                    [
                        {
                            "id": "nfcore_testsample",
                            "single_end": false
                        },
                        "nfcore_testsample.MT192765.1.fsa:md5,d41d8cd98f00b204e9800998ecf8427e"
                    ]
                ],
                "mat": [
                    
                ],
                "res": [
                    [
                        {
                            "id": "nfcore_testsample",
                            "single_end": false
                        },
                        "nfcore_testsample.MT192765.1.res:md5,d41d8cd98f00b204e9800998ecf8427e"
                    ]
                ],
                "spa": [
                    
                ],
                "versions": [
                    "versions.yml:md5,34dfbb526ffb5af00ea74f1a1d4ed24a"
                ]
            }
        ],
        "meta": {
            "nf-test": "0.9.2",
            "nextflow": "24.10.3"
        },
        "timestamp": "2025-01-15T17:45:52.992725036"
    },
    "sarscov2 - fasta - matrix - stub": {
        "content": [
            {
                "0": [
                    [
                        {
                            "id": "nfcore_testsample",
                            "single_end": false
                        },
                        "nfcore_testsample.MT192765.1.res:md5,d41d8cd98f00b204e9800998ecf8427e"
                    ]
                ],
                "1": [
                    [
                        {
                            "id": "nfcore_testsample",
                            "single_end": false
                        },
                        "nfcore_testsample.MT192765.1.fsa:md5,d41d8cd98f00b204e9800998ecf8427e"
                    ]
                ],
                "2": [
                    [
                        {
                            "id": "nfcore_testsample",
                            "single_end": false
                        },
                        "nfcore_testsample.MT192765.1.aln:md5,d41d8cd98f00b204e9800998ecf8427e"
                    ]
                ],
                "3": [
                    [
                        {
                            "id": "nfcore_testsample",
                            "single_end": false
                        },
                        "nfcore_testsample.MT192765.1.frag.gz:md5,68b329da9893e34099c7d8ad5cb9c940"
                    ]
                ],
                "4": [
                    [
                        {
                            "id": "nfcore_testsample",
                            "single_end": false
                        },
                        "nfcore_testsample.MT192765.1.mat.gz:md5,68b329da9893e34099c7d8ad5cb9c940"
                    ]
                ],
                "5": [
                    
                ],
                "6": [
                    "versions.yml:md5,34dfbb526ffb5af00ea74f1a1d4ed24a"
                ],
                "aln": [
                    [
                        {
                            "id": "nfcore_testsample",
                            "single_end": false
                        },
                        "nfcore_testsample.MT192765.1.aln:md5,d41d8cd98f00b204e9800998ecf8427e"
                    ]
                ],
                "frag": [
                    [
                        {
                            "id": "nfcore_testsample",
                            "single_end": false
                        },
                        "nfcore_testsample.MT192765.1.frag.gz:md5,68b329da9893e34099c7d8ad5cb9c940"
                    ]
                ],
                "fsa": [
                    [
                        {
                            "id": "nfcore_testsample",
                            "single_end": false
                        },
                        "nfcore_testsample.MT192765.1.fsa:md5,d41d8cd98f00b204e9800998ecf8427e"
                    ]
                ],
                "mat": [
                    [
                        {
                            "id": "nfcore_testsample",
                            "single_end": false
                        },
                        "nfcore_testsample.MT192765.1.mat.gz:md5,68b329da9893e34099c7d8ad5cb9c940"
                    ]
                ],
                "res": [
                    [
                        {
                            "id": "nfcore_testsample",
                            "single_end": false
                        },
                        "nfcore_testsample.MT192765.1.res:md5,d41d8cd98f00b204e9800998ecf8427e"
                    ]
                ],
                "spa": [
                    
                ],
                "versions": [
                    "versions.yml:md5,34dfbb526ffb5af00ea74f1a1d4ed24a"
                ]
            }
        ],
        "meta": {
            "nf-test": "0.9.2",
            "nextflow": "24.10.3"
        },
        "timestamp": "2025-01-15T17:46:04.920221183"
    },
    "sarscov2 - fasta - sparse": {
        "content": [
            {
                "0": [
                    
                ],
                "1": [
                    
                ],
                "2": [
                    
                ],
                "3": [
                    
                ],
                "4": [
                    
                ],
                "5": [
                    [
                        {
                            "id": "nfcore_testsample",
                            "single_end": false
                        },
                        "nfcore_testsample.MT192765.1.spa:md5,301526477a85b79818e648d3ed6fe770"
                    ]
                ],
                "6": [
                    "versions.yml:md5,34dfbb526ffb5af00ea74f1a1d4ed24a"
                ],
                "aln": [
                    
                ],
                "frag": [
                    
                ],
                "fsa": [
                    
                ],
                "mat": [
                    
                ],
                "res": [
                    
                ],
                "spa": [
                    [
                        {
                            "id": "nfcore_testsample",
                            "single_end": false
                        },
                        "nfcore_testsample.MT192765.1.spa:md5,301526477a85b79818e648d3ed6fe770"
                    ]
                ],
                "versions": [
                    "versions.yml:md5,34dfbb526ffb5af00ea74f1a1d4ed24a"
                ]
            }
        ],
        "meta": {
            "nf-test": "0.9.2",
            "nextflow": "24.10.3"
        },
        "timestamp": "2025-01-15T17:45:34.737539356"
    },
    "sarscov2 - fasta - sparse - stub": {
        "content": [
            {
                "0": [
                    
                ],
                "1": [
                    
                ],
                "2": [
                    
                ],
                "3": [
                    
                ],
                "4": [
                    
                ],
                "5": [
                    [
                        {
                            "id": "nfcore_testsample",
                            "single_end": false
                        },
                        "nfcore_testsample.MT192765.1.spa:md5,d41d8cd98f00b204e9800998ecf8427e"
                    ]
                ],
                "6": [
                    "versions.yml:md5,34dfbb526ffb5af00ea74f1a1d4ed24a"
                ],
                "aln": [
                    
                ],
                "frag": [
                    
                ],
                "fsa": [
                    
                ],
                "mat": [
                    
                ],
                "res": [
                    
                ],
                "spa": [
                    [
                        {
                            "id": "nfcore_testsample",
                            "single_end": false
                        },
                        "nfcore_testsample.MT192765.1.spa:md5,d41d8cd98f00b204e9800998ecf8427e"
                    ]
                ],
                "versions": [
                    "versions.yml:md5,34dfbb526ffb5af00ea74f1a1d4ed24a"
                ]
            }
        ],
        "meta": {
            "nf-test": "0.9.2",
            "nextflow": "24.10.3"
        },
        "timestamp": "2025-01-15T17:45:40.829730985"
    },
    "sarscov2 - fasta": {
        "content": [
            {
                "0": [
                    [
                        {
                            "id": "nfcore_testsample",
                            "single_end": false
                        },
                        "nfcore_testsample.MT192765.1.res:md5,552e159bed8f639a7accfa02d0d4a844"
                    ]
                ],
                "1": [
                    [
                        {
                            "id": "nfcore_testsample",
                            "single_end": false
                        },
                        "nfcore_testsample.MT192765.1.fsa:md5,610fd9c7f59264fb9681139eeb29db05"
                    ]
                ],
                "2": [
                    [
                        {
                            "id": "nfcore_testsample",
                            "single_end": false
                        },
                        "nfcore_testsample.MT192765.1.aln:md5,4a45f6f80dfc89ecaff98714ac8f83a3"
                    ]
                ],
                "3": [
                    [
                        {
                            "id": "nfcore_testsample",
                            "single_end": false
                        },
                        "nfcore_testsample.MT192765.1.frag.gz:md5,c8a5b5f17493b32c4fbb8f197c290b3c"
                    ]
                ],
                "4": [
                    
                ],
                "5": [
                    
                ],
                "6": [
                    "versions.yml:md5,34dfbb526ffb5af00ea74f1a1d4ed24a"
                ],
                "aln": [
                    [
                        {
                            "id": "nfcore_testsample",
                            "single_end": false
                        },
                        "nfcore_testsample.MT192765.1.aln:md5,4a45f6f80dfc89ecaff98714ac8f83a3"
                    ]
                ],
                "frag": [
                    [
                        {
                            "id": "nfcore_testsample",
                            "single_end": false
                        },
                        "nfcore_testsample.MT192765.1.frag.gz:md5,c8a5b5f17493b32c4fbb8f197c290b3c"
                    ]
                ],
                "fsa": [
                    [
                        {
                            "id": "nfcore_testsample",
                            "single_end": false
                        },
                        "nfcore_testsample.MT192765.1.fsa:md5,610fd9c7f59264fb9681139eeb29db05"
                    ]
                ],
                "mat": [
                    
                ],
                "res": [
                    [
                        {
                            "id": "nfcore_testsample",
                            "single_end": false
                        },
                        "nfcore_testsample.MT192765.1.res:md5,552e159bed8f639a7accfa02d0d4a844"
                    ]
                ],
                "spa": [
                    
                ],
                "versions": [
                    "versions.yml:md5,34dfbb526ffb5af00ea74f1a1d4ed24a"
                ]
            }
        ],
        "meta": {
            "nf-test": "0.9.2",
            "nextflow": "24.10.3"
        },
        "timestamp": "2025-01-15T17:45:46.809305392"
    },
    "sarscov2 - fasta - matrix": {
        "content": [
            {
                "0": [
                    [
                        {
                            "id": "nfcore_testsample",
                            "single_end": false
                        },
                        "nfcore_testsample.MT192765.1.res:md5,552e159bed8f639a7accfa02d0d4a844"
                    ]
                ],
                "1": [
                    [
                        {
                            "id": "nfcore_testsample",
                            "single_end": false
                        },
                        "nfcore_testsample.MT192765.1.fsa:md5,610fd9c7f59264fb9681139eeb29db05"
                    ]
                ],
                "2": [
                    [
                        {
                            "id": "nfcore_testsample",
                            "single_end": false
                        },
                        "nfcore_testsample.MT192765.1.aln:md5,4a45f6f80dfc89ecaff98714ac8f83a3"
                    ]
                ],
                "3": [
                    [
                        {
                            "id": "nfcore_testsample",
                            "single_end": false
                        },
                        "nfcore_testsample.MT192765.1.frag.gz:md5,c8a5b5f17493b32c4fbb8f197c290b3c"
                    ]
                ],
                "4": [
                    [
                        {
                            "id": "nfcore_testsample",
                            "single_end": false
                        },
                        "nfcore_testsample.MT192765.1.mat.gz:md5,5f5894f6a923ab2b45aa5f31fbacc92c"
                    ]
                ],
                "5": [
                    
                ],
                "6": [
                    "versions.yml:md5,34dfbb526ffb5af00ea74f1a1d4ed24a"
                ],
                "aln": [
                    [
                        {
                            "id": "nfcore_testsample",
                            "single_end": false
                        },
                        "nfcore_testsample.MT192765.1.aln:md5,4a45f6f80dfc89ecaff98714ac8f83a3"
                    ]
                ],
                "frag": [
                    [
                        {
                            "id": "nfcore_testsample",
                            "single_end": false
                        },
                        "nfcore_testsample.MT192765.1.frag.gz:md5,c8a5b5f17493b32c4fbb8f197c290b3c"
                    ]
                ],
                "fsa": [
                    [
                        {
                            "id": "nfcore_testsample",
                            "single_end": false
                        },
                        "nfcore_testsample.MT192765.1.fsa:md5,610fd9c7f59264fb9681139eeb29db05"
                    ]
                ],
                "mat": [
                    [
                        {
                            "id": "nfcore_testsample",
                            "single_end": false
                        },
                        "nfcore_testsample.MT192765.1.mat.gz:md5,5f5894f6a923ab2b45aa5f31fbacc92c"
                    ]
                ],
                "res": [
                    [
                        {
                            "id": "nfcore_testsample",
                            "single_end": false
                        },
                        "nfcore_testsample.MT192765.1.res:md5,552e159bed8f639a7accfa02d0d4a844"
                    ]
                ],
                "spa": [
                    
                ],
                "versions": [
                    "versions.yml:md5,34dfbb526ffb5af00ea74f1a1d4ed24a"
                ]
            }
        ],
        "meta": {
            "nf-test": "0.9.2",
            "nextflow": "24.10.3"
        },
        "timestamp": "2025-01-15T17:45:59.012661145"
    }
}